
> dwp.intelligence-3d-pipeline@0.1.0 build
> next build

 ⚠ Warning: Next.js inferred your workspace root, but it may not be correct.
 We detected multiple lockfiles and selected the directory of c:\Users\DWP\package-lock.json as the root directory.
 To silence this warning, set `outputFileTracingRoot` in your Next.js config, or consider removing one of the lockfiles if it's not needed.
   See https://nextjs.org/docs/app/api-reference/config/next-config-js/output#caveats for more information.
 Detected additional lockfiles: 
   * c:\Users\DWP\Desktop\3DPipeline\package-lock.json

   ▲ Next.js 15.5.12
   - Environments: .env.local

   Creating an optimized production build ...
 ✓ Compiled successfully in 10.3s
   Linting and checking validity of types ...
   Collecting page data ...
   Generating static pages (0/24) ...
   Generating static pages (6/24) 
   Generating static pages (12/24) 
   Generating static pages (18/24) 
 ✓ Generating static pages (24/24)
   Finalizing page optimization ...
   Collecting build traces ...

Route (app)                                 Size  First Load JS
┌ ○ /                                    1.25 kB         165 kB
├ ƒ /_not-found                            195 B         103 kB
├ ƒ /api/aps/acc-sheets                    195 B         103 kB
├ ƒ /api/aps/auth/login                    195 B         103 kB
├ ƒ /api/aps/callback                      195 B         103 kB
├ ƒ /api/aps/folders                       195 B         103 kB
├ ƒ /api/aps/hubs                          195 B         103 kB
├ ƒ /api/aps/projects                      195 B         103 kB
├ ƒ /api/aps/token                         195 B         103 kB
├ ƒ /api/aps/translate                     195 B         103 kB
├ ƒ /api/aps/upload                        195 B         103 kB
├ ƒ /api/auth/exchange                     195 B         103 kB
├ ƒ /api/auth/refresh                      195 B         103 kB
├ ƒ /api/claude                            195 B         103 kB
├ ƒ /api/drive/assign-outsource            195 B         103 kB
├ ƒ /api/drive/create-project              195 B         103 kB
├ ƒ /api/drive/list                        195 B         103 kB
├ ƒ /api/drive/upload                      195 B         103 kB
├ ƒ /api/gemini                            195 B         103 kB
├ ƒ /api/gpt                               195 B         103 kB
├ ƒ /api/imagen                            195 B         103 kB
├ ƒ /api/project-prompts                   195 B         103 kB
├ ƒ /api/prompt-library                    195 B         103 kB
├ ƒ /api/prompt-library/top                195 B         103 kB
├ ƒ /api/video-gen                         195 B         103 kB
└ ○ /book3d                              1.13 kB         169 kB
+ First Load JS shared by all             103 kB
  ├ chunks/1255-a390e12b70b4a9fb.js        46 kB
  ├ chunks/4bd1b696-f785427dddbba9fb.js  54.2 kB
  └ other shared chunks (total)           2.8 kB


○  (Static)   prerendered as static content
ƒ  (Dynamic)  server-rendered on demand

